// Jest Snapshot v1, https://goo.gl/fbAQLP

exports[`should load config.yml valid config should return config 1`] = `
Object {
  "paths": Array [
    "/images/:preset/:image",
  ],
  "presets": Object {
    "t_720": Object {
      "steps": Array [
        Object {
          "$crop": Object {
            "gravity": "center",
            "width": 720,
          },
        },
        Object {
          "$format": Object {
            "type": "jpeg",
          },
        },
        Object {
          "$compress": Object {
            "lossy": true,
            "quality": 92,
          },
        },
      ],
    },
  },
  "sources": Array [
    Object {
      "volume": Object {
        "root": "/src/app/test/assets/:image",
      },
    },
  ],
}
`;
