// Jest Snapshot v1, https://goo.gl/fbAQLP

exports[`validate presets should require presets 1`] = `"presets: Expected { [_: string]: { steps: { $compress?: { quality?: number; lossy?: boolean; }; $crop?: { width?: number; height?: number; gravity?: \\"center\\" | \\"face\\" | \\"north\\" | \\"northeast\\" | \\"east\\" | \\"southeast\\" | \\"south\\" | \\"southwest\\" | \\"west\\" | \\"northwest\\"; }; $fill?: { width: number; height: number; } & { gravity?: \\"center\\" | \\"face\\" | \\"north\\" | \\"northeast\\" | \\"east\\" | \\"southeast\\" | \\"south\\" | \\"southwest\\" | \\"west\\" | \\"northwest\\"; }; $fit?: { width?: number; height?: number; }; $format?: { type: \\"jpeg\\" | \\"png\\" | \\"gif\\" | \\"webp\\"; }; $resize?: { width: number; height: number; }; $strip?: { icc_profile?: boolean; }; }[]; } }, but was undefined"`;

exports[`validate presets should throw on invalid presets 1`] = `"presets.t_200.steps: Expected array, but was undefined"`;

exports[`validate presets should throw on invalid presets 2`] = `"presets.t_200.steps: Expected array, but was object"`;

exports[`validate presets should throw on invalid presets 3`] = `"presets.t_200.steps.[0]: please no empty step"`;
