// Jest Snapshot v1, https://goo.gl/fbAQLP

exports[`Strip Command should strip exif from gif 1`] = `
Object {
  "BackgroundColor": 0,
  "BitsPerPixel": 6,
  "ColorResolutionDepth": 6,
  "FileType": "GIF",
  "FileTypeExtension": "gif",
  "GIFVersion": "89a",
  "HasColorMap": "Yes",
  "ImageHeight": 100,
  "ImageSize": "100x100",
  "ImageWidth": 100,
  "MIMEType": "image/gif",
  "Megapixels": 0.01,
  "SourceFile": "-",
}
`;

exports[`Strip Command should strip exif from jpeg 1`] = `
Object {
  "APP14Flags0": "[14]",
  "APP14Flags1": "(none)",
  "BitsPerSample": 8,
  "ColorComponents": 3,
  "ColorTransform": "YCbCr",
  "DCTEncodeVersion": 100,
  "EncodingProcess": "Baseline DCT, Huffman coding",
  "FileType": "JPEG",
  "FileTypeExtension": "jpg",
  "ImageHeight": 100,
  "ImageSize": "100x100",
  "ImageWidth": 100,
  "MIMEType": "image/jpeg",
  "Megapixels": 0.01,
  "SourceFile": "-",
  "YCbCrSubSampling": "YCbCr4:4:4 (1 1)",
}
`;

exports[`Strip Command should strip exif from png 1`] = `
Object {
  "BitDepth": 8,
  "BlueX": 0.13035,
  "BlueY": 0.03627,
  "ColorType": "RGB with Alpha",
  "Compression": "Deflate/Inflate",
  "FileType": "PNG",
  "FileTypeExtension": "png",
  "Filter": "Adaptive",
  "GreenX": 0.31082,
  "GreenY": 0.61183,
  "ImageHeight": 100,
  "ImageSize": "100x100",
  "ImageWidth": 100,
  "Interlace": "Noninterlaced",
  "MIMEType": "image/png",
  "Megapixels": 0.01,
  "RedX": 0.62387,
  "RedY": 0.34046,
  "SourceFile": "-",
  "WhitePointX": 0.28021,
  "WhitePointY": 0.296,
}
`;
