// Jest Snapshot v1, https://goo.gl/fbAQLP

exports[`validate paths should require paths 1`] = `"paths: Expected array, but was undefined"`;

exports[`validate paths should throw on invalid paths array 1`] = `"paths: Expected array, but was object"`;

exports[`validate paths should throw on invalid paths array 2`] = `"paths: Requires at least one path"`;

exports[`validate paths should throw on invalid paths array 3`] = `"paths.[0]: Cannot be empty"`;

exports[`validate paths should throw on invalid paths array 4`] = `"paths.[0]: Requires :preset in path"`;

exports[`validate paths should throw on invalid paths array 5`] = `"paths.[0]: Requires :preset in path"`;

exports[`validate paths should throw on invalid paths array 6`] = `"paths.[0]: Must start with /"`;

exports[`validate paths should throw on missing path params in config 1`] = `"params.width: Could not find any usage in sources, storage or paths"`;

exports[`validate paths should throw on missing path params in config 2`] = `"params.width: Could not find any usage in sources, storage or paths"`;

exports[`validate paths should throw on missing path params in config 3`] = `"params.width: Could not find any usage in sources, storage or paths"`;

exports[`validate paths should throw on missing path params in config 4`] = `"params.image: Could not find any usage in sources, storage or paths"`;

exports[`validate paths should throw on missing path params in config 5`] = `"params.height: Could not find any usage in sources, storage or paths"`;

exports[`validate paths should throw on missing path params in config 6`] = `"presets.t_200.steps[0].width: Missing param (width) in paths for preset (t_200)"`;

exports[`validate paths should throw on missing path params in config 7`] = `"source[0].volume.root: Missing param \\"image\\" in paths"`;
