// Jest Snapshot v1, https://goo.gl/fbAQLP

exports[`should validate rotate config should throw on invalid config require angle 1`] = `"Expected number | \\"auto\\" | { from_path: string; }, but was undefined"`;

exports[`should validate rotate config should throw on invalid config require valid width and height 1`] = `"Expected number | \\"auto\\" | { from_path: string; }, but was number"`;

exports[`should validate rotate config should throw on invalid config require valid width and height 2`] = `"Expected number | \\"auto\\" | { from_path: string; }, but was number"`;
