// Jest Snapshot v1, https://goo.gl/fbAQLP

exports[`Extract stream meta should extract meta data from image 1`] = `
Object {
  "backgroundColor": "#FFFFFF",
  "baseDepth": 8,
  "baseName": "-",
  "borderColor": "#DFDFDF",
  "channelDepth": Object {
    "blue": 1,
    "green": 8,
    "red": 8,
  },
  "channelStatistics": Object {
    "Blue": Object {
      "entropy": 0.933503,
      "kurtosis": 0.0654779,
      "max": 255,
      "mean": 164.381,
      "min": 0,
      "skewness": -0.259904,
      "standardDeviation": 50.9994,
    },
    "Green": Object {
      "entropy": 0.938473,
      "kurtosis": -0.179475,
      "max": 255,
      "mean": 163.397,
      "min": 0,
      "skewness": -0.237488,
      "standardDeviation": 51.6582,
    },
    "Red": Object {
      "entropy": 0.942212,
      "kurtosis": -0.363768,
      "max": 255,
      "mean": 162.04,
      "min": 0,
      "skewness": -0.204228,
      "standardDeviation": 52.0268,
    },
  },
  "chromaticity": Object {
    "bluePrimary": Object {
      "x": 0.15,
      "y": 0.06,
    },
    "greenPrimary": Object {
      "x": 0.3,
      "y": 0.6,
    },
    "redPrimary": Object {
      "x": 0.64,
      "y": 0.33,
    },
    "whitePrimary": Object {
      "x": 0.3127,
      "y": 0.329,
    },
  },
  "class": "DirectClass",
  "colorspace": "sRGB",
  "compose": "Over",
  "compression": "JPEG",
  "depth": 8,
  "dispose": "Undefined",
  "endianess": "Undefined",
  "filesize": "64823B",
  "format": "JPEG",
  "formatDescription": "JPEG",
  "gamma": 0.454545,
  "geometry": Object {
    "height": 700,
    "width": 1000,
    "x": 0,
    "y": 0,
  },
  "imageStatistics": Object {
    "Overall": Object {
      "entropy": 0.938063,
      "kurtosis": -0.165411,
      "max": 255,
      "mean": 163.273,
      "min": 0,
      "skewness": -0.234124,
      "standardDeviation": 51.5721,
    },
  },
  "intensity": "Undefined",
  "interlace": "JPEG",
  "iterations": 0,
  "matteColor": "#BDBDBD",
  "mimeType": "image/jpeg",
  "name": null,
  "numberPixels": "700000",
  "orientation": "Undefined",
  "pageGeometry": Object {
    "height": 700,
    "width": 1000,
    "x": 0,
    "y": 0,
  },
  "pixels": 2100000,
  "properties": Object {
    "jpeg:colorspace": "2",
    "jpeg:sampling-factor": "2x2,1x1,1x1",
    "signature": "1c14fc6f10b34266cae55b6b6fde97ff0badfaa8f64745ec295046402e8c0ab1",
  },
  "quality": 85,
  "renderingIntent": "Perceptual",
  "tainted": false,
  "transparentColor": "#00000000",
  "type": "TrueColor",
  "units": "Undefined",
  "version": "file:///usr/share/doc/ImageMagick-7/index.html",
}
`;
