// Jest Snapshot v1, https://goo.gl/fbAQLP

exports[`should validate fit config should throw on invalid config require valid width and height 1`] = `"presets.t_200.steps.[0].$fit.width: please no negative number"`;

exports[`should validate fit config should throw on invalid config require valid width and height 2`] = `"presets.t_200.steps.[0].$fit.height: please no negative number"`;

exports[`should validate fit config should throw on invalid config require width or height 1`] = `"presets.t_200.steps.[0].$fit: missing width or height"`;

exports[`should validate operations no double operations in step 1`] = `"presets.t_200.steps.[0]: please only one operation per step"`;
