// Jest Snapshot v1, https://goo.gl/fbAQLP

exports[`should validate operations no double operations in step 1`] = `"presets.t_200.steps.[0]: please only one operation per step"`;

exports[`should validate resize config should throw on invalid config require valid width and height 1`] = `"presets.t_200.steps.[0].$resize.width: please no negative number"`;

exports[`should validate resize config should throw on invalid config require valid width and height 2`] = `"presets.t_200.steps.[0].$resize.height: please no negative number"`;

exports[`should validate resize config should throw on invalid config require width or height 1`] = `"presets.t_200.steps.[0].$resize.width: Expected number, but was undefined"`;
